[Tue Jun 25 14:49:48.330844 2024] [suexec:notice] [pid 14:tid 139796611254592] AH01232: suEXEC mechanism enabled (wrapper: /usr/sbin/suexec)
[Tue Jun 25 14:49:48.333454 2024] [dispatcher:debug] [pid 14:tid 139796611254592] Initializing virtual host [unmatched-host-catch-all].
[Tue Jun 25 14:49:48.811909 2024] [core:warn] [pid 14:tid 139796611254592] AH00111: Config variable ${AEM_IP} is not defined
[Tue Jun 25 14:49:48.844120 2024] [dispatcher:debug] [pid 14:tid 139796611254592] Dispatcher initializing (build 4.3.5/apache-2.4-linux-x86_64)
[Tue Jun 25 14:49:48.860413 2024] [dispatcher:debug] [pid 14:tid 139796611254592] farms[publishfarm].cache.docroot = /mnt/var/www/html
[Tue Jun 25 14:49:48.863851 2024] [dispatcher:info] [pid 14:tid 139796611254592] Dispatcher initialized (build 4.3.5/apache-2.4-linux-x86_64)
[Tue Jun 25 14:49:48.864825 2024] [dispatcher:debug] [pid 14:tid 139796611254592] Initializing virtual host [publish].
[Tue Jun 25 14:49:48.865759 2024] [dispatcher:debug] [pid 14:tid 139796611254592] Server [publish] has identical configuration as [unmatched-host-catch-all].
[Tue Jun 25 14:49:48.867646 2024] [dispatcher:debug] [pid 14:tid 139796611254592] HTTP keepalive is enabled, timeout is 60 seconds.
[Tue Jun 25 14:49:48.931014 2024] [core:warn] [pid 14:tid 139796611254592] AH00111: Config variable ${POD_NAME} is not defined
AH00112: Warning: DocumentRoot [/var/www/localhost/htdocs] does not exist
[Tue Jun 25 14:49:49.014922 2024] [ssl:warn] [pid 14:tid 139796611254592] AH01873: Init: Session Cache is not configured [hint: SSLSessionCache]
[Tue Jun 25 14:49:49.016452 2024] [lbmethod_heartbeat:notice] [pid 14:tid 139796611254592] AH02282: No slotmem from mod_heartmonitor
[Tue Jun 25 14:49:49.023658 2024] [dispatcher:debug] [pid 14:tid 139796611254592] Initializing virtual host [unmatched-host-catch-all].
[Tue Jun 25 14:49:49.296414 2024] [core:warn] [pid 14:tid 139796611254592] AH00111: Config variable ${AEM_IP} is not defined
[Tue Jun 25 14:49:49.316116 2024] [dispatcher:debug] [pid 14:tid 139796611254592] Dispatcher initializing (build 4.3.5/apache-2.4-linux-x86_64)
[Tue Jun 25 14:49:49.326015 2024] [dispatcher:debug] [pid 14:tid 139796611254592] farms[publishfarm].cache.docroot = /mnt/var/www/html
[Tue Jun 25 14:49:49.327720 2024] [dispatcher:info] [pid 14:tid 139796611254592] Dispatcher initialized (build 4.3.5/apache-2.4-linux-x86_64)
[Tue Jun 25 14:49:49.328527 2024] [dispatcher:debug] [pid 14:tid 139796611254592] Initializing virtual host [publish].
[Tue Jun 25 14:49:49.329119 2024] [dispatcher:debug] [pid 14:tid 139796611254592] Server [publish] has identical configuration as [unmatched-host-catch-all].
[Tue Jun 25 14:49:49.329853 2024] [dispatcher:debug] [pid 14:tid 139796611254592] HTTP keepalive is enabled, timeout is 60 seconds.
[Tue Jun 25 14:49:49.342786 2024] [mpm_worker:notice] [pid 14:tid 139796611254592] AH00292: Apache/2.4.37 (Red Hat Enterprise Linux) OpenSSL/1.1.1k Communique/4.3.5 configured -- resuming normal operations
[Tue Jun 25 14:49:49.343800 2024] [core:notice] [pid 14:tid 139796611254592] AH00094: Command line: '/usr/sbin/httpd -D FOREGROUND'
[Tue Jun 25 14:50:16.992850 2024] [dispatcher:debug] [pid 19:tid 139796350514944] [client 127.0.0.1:45672] Found farm publishfarm for wknd.docker.local
[Tue Jun 25 14:50:16.994144 2024] [dispatcher:debug] [pid 19:tid 139796350514944] [client 127.0.0.1:45672] checking [/content/wknd/us/en.html]
[Tue Jun 25 14:50:16.995001 2024] [dispatcher:debug] [pid 19:tid 139796350514944] [client 127.0.0.1:45672] cachefile does not exist: /mnt/var/www/html/content/wknd/us/en.html
[Tue Jun 25 14:50:16.995928 2024] [dispatcher:debug] [pid 19:tid 139796350514944] [client 127.0.0.1:45672] try to create new cachefile: /mnt/var/www/html/content/wknd/us/en.html
[Tue Jun 25 14:50:16.996788 2024] [dispatcher:debug] [pid 19:tid 139796350514944] [client 127.0.0.1:45672] cache-action for [/content/wknd/us/en.html]: CREATE
[Tue Jun 25 14:50:16.998310 2024] [dispatcher:debug] [pid 19:tid 139796350514944] [client 127.0.0.1:45672] Creating new connection: host.docker.internal:4503
[Tue Jun 25 14:50:17.000677 2024] [dispatcher:debug] [pid 19:tid 139796350514944] [client 127.0.0.1:45672] Connected to backend 0 (host.docker.internal:4503)
[Tue Jun 25 14:50:19.648808 2024] [dispatcher:debug] [pid 19:tid 139796350514944] [client 127.0.0.1:45672] Cache file successfully created: /mnt/var/www/html/content/wknd/us/en.html
[Tue Jun 25 14:50:19.649720 2024] [dispatcher:debug] [pid 19:tid 139796350514944] [client 127.0.0.1:45672] response.headers[Content-Type] = "text/html;charset=utf-8"
[Tue Jun 25 14:50:19.650494 2024] [dispatcher:debug] [pid 19:tid 139796350514944] [client 127.0.0.1:45672] response.headers[X-Content-Type-Options] = "nosniff"
[Tue Jun 25 14:50:19.651100 2024] [dispatcher:debug] [pid 19:tid 139796350514944] [client 127.0.0.1:45672] response.headers[Age] = "0"
[Tue Jun 25 14:50:19.651659 2024] [dispatcher:debug] [pid 19:tid 139796350514944] [client 127.0.0.1:45672] Storing socket for later reuse: host.docker.internal:4503
[Tue Jun 25 14:50:19.841586 2024] [dispatcher:debug] [pid 19:tid 139796350514944] [client 127.0.0.1:45672] Found farm publishfarm for wknd.docker.local, referer: http://wknd.docker.local/us/en.html
[Tue Jun 25 14:50:19.842439 2024] [dispatcher:debug] [pid 19:tid 139796350514944] [client 127.0.0.1:45672] checking [/etc/cloudsettings.kernel.js/conf/wknd/settings/cloudsettings/default/contexthub], referer: http://wknd.docker.local/us/en.html
[Tue Jun 25 14:50:19.843139 2024] [dispatcher:debug] [pid 19:tid 139796350514944] [client 127.0.0.1:45672] request URL has no extension: /etc/cloudsettings.kernel.js/conf/wknd/settings/cloudsettings/default/contexthub, referer: http://wknd.docker.local/us/en.html
[Tue Jun 25 14:50:19.857049 2024] [dispatcher:debug] [pid 19:tid 139796350514944] [client 127.0.0.1:45672] cache-action for [/etc/cloudsettings.kernel.js/conf/wknd/settings/cloudsettings/default/contexthub]: NONE, referer: http://wknd.docker.local/us/en.html
[Tue Jun 25 14:50:19.865909 2024] [dispatcher:debug] [pid 19:tid 139796350514944] [client 127.0.0.1:45672] Reusing connection: host.docker.internal:4503, referer: http://wknd.docker.local/us/en.html
[Tue Jun 25 14:50:19.870445 2024] [dispatcher:debug] [pid 19:tid 139796350514944] [client 127.0.0.1:45672] Connected to backend 0 (host.docker.internal:4503), referer: http://wknd.docker.local/us/en.html
[Tue Jun 25 14:50:19.878796 2024] [dispatcher:debug] [pid 18:tid 139796350514944] [client 127.0.0.1:45692] Found farm publishfarm for wknd.docker.local, referer: http://wknd.docker.local/us/en.html
[Tue Jun 25 14:50:19.880583 2024] [dispatcher:debug] [pid 28:tid 139796350514944] [client 127.0.0.1:45734] Found farm publishfarm for wknd.docker.local, referer: http://wknd.docker.local/us/en.html
[Tue Jun 25 14:50:19.886152 2024] [dispatcher:debug] [pid 19:tid 139796342122240] [client 127.0.0.1:45744] Found farm publishfarm for wknd.docker.local, referer: http://wknd.docker.local/us/en.html
[Tue Jun 25 14:50:19.888056 2024] [dispatcher:debug] [pid 102:tid 139796350514944] [client 127.0.0.1:45746] Found farm publishfarm for wknd.docker.local, referer: http://wknd.docker.local/us/en.html
[Tue Jun 25 14:50:19.888727 2024] [dispatcher:debug] [pid 18:tid 139796350514944] [client 127.0.0.1:45692] checking [/etc.clientlibs/wknd/clientlibs/clientlib-dependencies.lc-d41d8cd98f00b204e9800998ecf8427e-lc.min.css], referer: http://wknd.docker.local/us/en.html
[Tue Jun 25 14:50:19.889798 2024] [dispatcher:debug] [pid 28:tid 139796350514944] [client 127.0.0.1:45734] checking [/etc.clientlibs/wknd/clientlibs/clientlib-site.lc-b55dc94180111bf84d7a026fc1b1d1a4-lc.min.css], referer: http://wknd.docker.local/us/en.html
[Tue Jun 25 14:50:19.890857 2024] [dispatcher:debug] [pid 19:tid 139796342122240] [client 127.0.0.1:45744] checking [/etc.clientlibs/wknd/clientlibs/clientlib-base.lc-33275da16c2855293b7532167401825b-lc.min.css], referer: http://wknd.docker.local/us/en.html
[Tue Jun 25 14:50:19.891689 2024] [dispatcher:debug] [pid 102:tid 139796350514944] [client 127.0.0.1:45746] checking [/etc.clientlibs/wknd/clientlibs/clientlib-site/resources/fonts/wknd-icon-font.ttf], referer: http://wknd.docker.local/us/en.html
[Tue Jun 25 14:50:19.892713 2024] [dispatcher:debug] [pid 18:tid 139796350514944] [client 127.0.0.1:45692] cachefile does not exist: /mnt/var/www/html/etc.clientlibs/wknd/clientlibs/clientlib-dependencies.lc-d41d8cd98f00b204e9800998ecf8427e-lc.min.css, referer: http://wknd.docker.local/us/en.html
[Tue Jun 25 14:50:19.893406 2024] [dispatcher:debug] [pid 28:tid 139796350514944] [client 127.0.0.1:45734] cachefile does not exist: /mnt/var/www/html/etc.clientlibs/wknd/clientlibs/clientlib-site.lc-b55dc94180111bf84d7a026fc1b1d1a4-lc.min.css, referer: http://wknd.docker.local/us/en.html
[Tue Jun 25 14:50:19.894136 2024] [dispatcher:debug] [pid 19:tid 139796342122240] [client 127.0.0.1:45744] cachefile does not exist: /mnt/var/www/html/etc.clientlibs/wknd/clientlibs/clientlib-base.lc-33275da16c2855293b7532167401825b-lc.min.css, referer: http://wknd.docker.local/us/en.html
[Tue Jun 25 14:50:19.895328 2024] [dispatcher:debug] [pid 102:tid 139796350514944] [client 127.0.0.1:45746] cachefile does not exist: /mnt/var/www/html/etc.clientlibs/wknd/clientlibs/clientlib-site/resources/fonts/wknd-icon-font.ttf, referer: http://wknd.docker.local/us/en.html
[Tue Jun 25 14:50:19.896661 2024] [dispatcher:debug] [pid 18:tid 139796350514944] [client 127.0.0.1:45692] try to create new cachefile: /mnt/var/www/html/etc.clientlibs/wknd/clientlibs/clientlib-dependencies.lc-d41d8cd98f00b204e9800998ecf8427e-lc.min.css, referer: http://wknd.docker.local/us/en.html
[Tue Jun 25 14:50:19.903071 2024] [dispatcher:debug] [pid 18:tid 139796350514944] [client 127.0.0.1:45692] cache-action for [/etc.clientlibs/wknd/clientlibs/clientlib-dependencies.lc-d41d8cd98f00b204e9800998ecf8427e-lc.min.css]: CREATE, referer: http://wknd.docker.local/us/en.html
[Tue Jun 25 14:50:19.897544 2024] [dispatcher:debug] [pid 28:tid 139796350514944] [client 127.0.0.1:45734] try to create new cachefile: /mnt/var/www/html/etc.clientlibs/wknd/clientlibs/clientlib-site.lc-b55dc94180111bf84d7a026fc1b1d1a4-lc.min.css, referer: http://wknd.docker.local/us/en.html
[Tue Jun 25 14:50:19.898386 2024] [dispatcher:debug] [pid 19:tid 139796342122240] [client 127.0.0.1:45744] try to create new cachefile: /mnt/var/www/html/etc.clientlibs/wknd/clientlibs/clientlib-base.lc-33275da16c2855293b7532167401825b-lc.min.css, referer: http://wknd.docker.local/us/en.html
[Tue Jun 25 14:50:19.902189 2024] [dispatcher:debug] [pid 102:tid 139796350514944] [client 127.0.0.1:45746] try to create new cachefile: /mnt/var/www/html/etc.clientlibs/wknd/clientlibs/clientlib-site/resources/fonts/wknd-icon-font.ttf, referer: http://wknd.docker.local/us/en.html
[Tue Jun 25 14:50:19.902323 2024] [dispatcher:debug] [pid 18:tid 139796342122240] [client 127.0.0.1:45760] Found farm publishfarm for wknd.docker.local
[Tue Jun 25 14:50:19.904193 2024] [dispatcher:debug] [pid 18:tid 139796350514944] [client 127.0.0.1:45692] Creating new connection: host.docker.internal:4503, referer: http://wknd.docker.local/us/en.html
[Tue Jun 25 14:50:19.904726 2024] [dispatcher:debug] [pid 28:tid 139796350514944] [client 127.0.0.1:45734] cache-action for [/etc.clientlibs/wknd/clientlibs/clientlib-site.lc-b55dc94180111bf84d7a026fc1b1d1a4-lc.min.css]: CREATE, referer: http://wknd.docker.local/us/en.html
[Tue Jun 25 14:50:19.905531 2024] [dispatcher:debug] [pid 19:tid 139796342122240] [client 127.0.0.1:45744] cache-action for [/etc.clientlibs/wknd/clientlibs/clientlib-base.lc-33275da16c2855293b7532167401825b-lc.min.css]: CREATE, referer: http://wknd.docker.local/us/en.html
[Tue Jun 25 14:50:19.909870 2024] [dispatcher:debug] [pid 102:tid 139796350514944] [client 127.0.0.1:45746] cache-action for [/etc.clientlibs/wknd/clientlibs/clientlib-site/resources/fonts/wknd-icon-font.ttf]: CREATE, referer: http://wknd.docker.local/us/en.html
[Tue Jun 25 14:50:19.910663 2024] [dispatcher:debug] [pid 18:tid 139796342122240] [client 127.0.0.1:45760] checking [/content/wknd/us/en/magazine/guide-la-skateparks/_jcr_content/root/container/container/contentfragment/par2/image_copy.coreimg.60.1600.png/1660323783259/article-01-picture-01.png]
[Tue Jun 25 14:50:19.918282 2024] [dispatcher:debug] [pid 18:tid 139796350514944] [client 127.0.0.1:45692] Connected to backend 0 (host.docker.internal:4503), referer: http://wknd.docker.local/us/en.html
[Tue Jun 25 14:50:19.919277 2024] [dispatcher:debug] [pid 28:tid 139796350514944] [client 127.0.0.1:45734] Creating new connection: host.docker.internal:4503, referer: http://wknd.docker.local/us/en.html
[Tue Jun 25 14:50:19.920950 2024] [dispatcher:debug] [pid 19:tid 139796342122240] [client 127.0.0.1:45744] Creating new connection: host.docker.internal:4503, referer: http://wknd.docker.local/us/en.html
[Tue Jun 25 14:50:19.921922 2024] [dispatcher:debug] [pid 102:tid 139796350514944] [client 127.0.0.1:45746] Creating new connection: host.docker.internal:4503, referer: http://wknd.docker.local/us/en.html
[Tue Jun 25 14:50:19.922512 2024] [dispatcher:debug] [pid 19:tid 139796350514944] [client 127.0.0.1:45672] response.status = 200, referer: http://wknd.docker.local/us/en.html
[Tue Jun 25 14:50:19.930301 2024] [dispatcher:debug] [pid 102:tid 139796350514944] [client 127.0.0.1:45746] Connected to backend 0 (host.docker.internal:4503), referer: http://wknd.docker.local/us/en.html
[Tue Jun 25 14:50:19.923085 2024] [dispatcher:debug] [pid 18:tid 139796342122240] [client 127.0.0.1:45760] cachefile does not exist: /mnt/var/www/html/content/wknd/us/en/magazine/guide-la-skateparks/_jcr_content/root/container/container/contentfragment/par2/image_copy.coreimg.60.1600.png/1660323783259/article-01-picture-01.png
[Tue Jun 25 14:50:19.926522 2024] [dispatcher:debug] [pid 28:tid 139796350514944] [client 127.0.0.1:45734] Connected to backend 0 (host.docker.internal:4503), referer: http://wknd.docker.local/us/en.html
[Tue Jun 25 14:50:19.927276 2024] [dispatcher:debug] [pid 19:tid 139796342122240] [client 127.0.0.1:45744] Connected to backend 0 (host.docker.internal:4503), referer: http://wknd.docker.local/us/en.html
[Tue Jun 25 14:50:19.930401 2024] [dispatcher:debug] [pid 19:tid 139796350514944] [client 127.0.0.1:45672] response.headers[Date] = "Tue, 25 Jun 2024 14:50:19 GMT", referer: http://wknd.docker.local/us/en.html
[Tue Jun 25 14:50:19.933226 2024] [dispatcher:debug] [pid 18:tid 139796342122240] [client 127.0.0.1:45760] try to create new cachefile: /mnt/var/www/html/content/wknd/us/en/magazine/guide-la-skateparks/_jcr_content/root/container/container/contentfragment/par2/image_copy.coreimg.60.1600.png/1660323783259/article-01-picture-01.png
[Tue Jun 25 14:50:19.936730 2024] [dispatcher:debug] [pid 19:tid 139796350514944] [client 127.0.0.1:45672] response.headers[X-Content-Type-Options] = "nosniff", referer: http://wknd.docker.local/us/en.html
[Tue Jun 25 14:50:19.937906 2024] [dispatcher:debug] [pid 18:tid 139796342122240] [client 127.0.0.1:45760] cache-action for [/content/wknd/us/en/magazine/guide-la-skateparks/_jcr_content/root/container/container/contentfragment/par2/image_copy.coreimg.60.1600.png/1660323783259/article-01-picture-01.png]: CREATE
[Tue Jun 25 14:50:19.942249 2024] [dispatcher:debug] [pid 19:tid 139796350514944] [client 127.0.0.1:45672] response.headers[X-Frame-Options] = "SAMEORIGIN", referer: http://wknd.docker.local/us/en.html
[Tue Jun 25 14:50:19.946249 2024] [dispatcher:debug] [pid 19:tid 139796350514944] [client 127.0.0.1:45672] response.headers[ETag] = ""662f0a1709b66ad776cd4eefe87f575026ba8433"", referer: http://wknd.docker.local/us/en.html
[Tue Jun 25 14:50:19.948134 2024] [dispatcher:debug] [pid 19:tid 139796350514944] [client 127.0.0.1:45672] response.headers[Content-Type] = "application/javascript; charset=utf-8", referer: http://wknd.docker.local/us/en.html
[Tue Jun 25 14:50:19.951483 2024] [dispatcher:debug] [pid 18:tid 139796342122240] [client 127.0.0.1:45760] Creating new connection: host.docker.internal:4503
[Tue Jun 25 14:50:19.955049 2024] [dispatcher:debug] [pid 18:tid 139796342122240] [client 127.0.0.1:45760] Connected to backend 0 (host.docker.internal:4503)
[Tue Jun 25 14:50:19.965873 2024] [dispatcher:debug] [pid 18:tid 139796350514944] [client 127.0.0.1:45692] Cache file successfully created: /mnt/var/www/html/etc.clientlibs/wknd/clientlibs/clientlib-dependencies.lc-d41d8cd98f00b204e9800998ecf8427e-lc.min.css, referer: http://wknd.docker.local/us/en.html
[Tue Jun 25 14:50:19.966904 2024] [dispatcher:debug] [pid 18:tid 139796350514944] [client 127.0.0.1:45692] response.headers[Cache-Control] = "max-age=2592000, public, immutable", referer: http://wknd.docker.local/us/en.html
[Tue Jun 25 14:50:19.967755 2024] [dispatcher:debug] [pid 18:tid 139796350514944] [client 127.0.0.1:45692] response.headers[Content-Type] = "text/css;charset=utf-8", referer: http://wknd.docker.local/us/en.html
[Tue Jun 25 14:50:19.968671 2024] [dispatcher:debug] [pid 18:tid 139796350514944] [client 127.0.0.1:45692] response.headers[Last-Modified] = "Tue, 25 Jun 2024 09:41:30 GMT", referer: http://wknd.docker.local/us/en.html
[Tue Jun 25 14:50:19.967819 2024] [dispatcher:debug] [pid 19:tid 139796342122240] [client 127.0.0.1:45744] Cache file successfully created: /mnt/var/www/html/etc.clientlibs/wknd/clientlibs/clientlib-base.lc-33275da16c2855293b7532167401825b-lc.min.css, referer: http://wknd.docker.local/us/en.html
[Tue Jun 25 14:50:19.968121 2024] [dispatcher:debug] [pid 102:tid 139796350514944] [client 127.0.0.1:45746] Cache file successfully created: /mnt/var/www/html/etc.clientlibs/wknd/clientlibs/clientlib-site/resources/fonts/wknd-icon-font.ttf, referer: http://wknd.docker.local/us/en.html
[Tue Jun 25 14:50:19.969419 2024] [dispatcher:debug] [pid 18:tid 139796350514944] [client 127.0.0.1:45692] response.headers[X-Content-Type-Options] = "nosniff", referer: http://wknd.docker.local/us/en.html
[Tue Jun 25 14:50:19.971999 2024] [dispatcher:debug] [pid 18:tid 139796350514944] [client 127.0.0.1:45692] response.headers[Age] = "0", referer: http://wknd.docker.local/us/en.html
[Tue Jun 25 14:50:19.970064 2024] [dispatcher:debug] [pid 19:tid 139796350514944] [client 127.0.0.1:45672] No socket reuse: backend asks to close connection, referer: http://wknd.docker.local/us/en.html
[Tue Jun 25 14:50:19.970407 2024] [dispatcher:debug] [pid 19:tid 139796342122240] [client 127.0.0.1:45744] response.headers[Cache-Control] = "max-age=2592000, public, immutable", referer: http://wknd.docker.local/us/en.html
[Tue Jun 25 14:50:19.974857 2024] [dispatcher:debug] [pid 19:tid 139796342122240] [client 127.0.0.1:45744] response.headers[Content-Type] = "text/css;charset=utf-8", referer: http://wknd.docker.local/us/en.html
[Tue Jun 25 14:50:19.975748 2024] [dispatcher:debug] [pid 19:tid 139796342122240] [client 127.0.0.1:45744] response.headers[Last-Modified] = "Tue, 25 Jun 2024 09:41:30 GMT", referer: http://wknd.docker.local/us/en.html
[Tue Jun 25 14:50:19.976481 2024] [dispatcher:debug] [pid 19:tid 139796342122240] [client 127.0.0.1:45744] response.headers[X-Content-Type-Options] = "nosniff", referer: http://wknd.docker.local/us/en.html
[Tue Jun 25 14:50:19.971225 2024] [dispatcher:debug] [pid 102:tid 139796350514944] [client 127.0.0.1:45746] response.headers[Cache-Control] = "max-age=86400, public", referer: http://wknd.docker.local/us/en.html
[Tue Jun 25 14:50:19.972792 2024] [dispatcher:debug] [pid 18:tid 139796350514944] [client 127.0.0.1:45692] Storing socket for later reuse: host.docker.internal:4503, referer: http://wknd.docker.local/us/en.html
[Tue Jun 25 14:50:19.977836 2024] [dispatcher:debug] [pid 19:tid 139796342122240] [client 127.0.0.1:45744] response.headers[Age] = "0", referer: http://wknd.docker.local/us/en.html
[Tue Jun 25 14:50:19.979113 2024] [dispatcher:debug] [pid 102:tid 139796350514944] [client 127.0.0.1:45746] response.headers[Content-Type] = "font/ttf", referer: http://wknd.docker.local/us/en.html
[Tue Jun 25 14:50:19.982737 2024] [dispatcher:debug] [pid 19:tid 139796342122240] [client 127.0.0.1:45744] Storing socket for later reuse: host.docker.internal:4503, referer: http://wknd.docker.local/us/en.html
[Tue Jun 25 14:50:19.984591 2024] [dispatcher:debug] [pid 102:tid 139796350514944] [client 127.0.0.1:45746] response.headers[Last-Modified] = "Tue, 25 Jun 2024 09:41:30 GMT", referer: http://wknd.docker.local/us/en.html
[Tue Jun 25 14:50:19.986486 2024] [dispatcher:debug] [pid 102:tid 139796350514944] [client 127.0.0.1:45746] response.headers[X-Content-Type-Options] = "nosniff", referer: http://wknd.docker.local/us/en.html
[Tue Jun 25 14:50:19.990041 2024] [dispatcher:debug] [pid 102:tid 139796350514944] [client 127.0.0.1:45746] response.headers[Age] = "0", referer: http://wknd.docker.local/us/en.html
[Tue Jun 25 14:50:19.994010 2024] [dispatcher:debug] [pid 102:tid 139796350514944] [client 127.0.0.1:45746] Storing socket for later reuse: host.docker.internal:4503, referer: http://wknd.docker.local/us/en.html
[Tue Jun 25 14:50:19.998279 2024] [dispatcher:debug] [pid 28:tid 139796350514944] [client 127.0.0.1:45734] Cache file successfully created: /mnt/var/www/html/etc.clientlibs/wknd/clientlibs/clientlib-site.lc-b55dc94180111bf84d7a026fc1b1d1a4-lc.min.css, referer: http://wknd.docker.local/us/en.html
[Tue Jun 25 14:50:20.003047 2024] [dispatcher:debug] [pid 28:tid 139796350514944] [client 127.0.0.1:45734] response.headers[Cache-Control] = "max-age=2592000, public, immutable", referer: http://wknd.docker.local/us/en.html
[Tue Jun 25 14:50:20.004113 2024] [dispatcher:debug] [pid 28:tid 139796350514944] [client 127.0.0.1:45734] response.headers[Content-Type] = "text/css;charset=utf-8", referer: http://wknd.docker.local/us/en.html
[Tue Jun 25 14:50:20.005163 2024] [dispatcher:debug] [pid 28:tid 139796350514944] [client 127.0.0.1:45734] response.headers[Last-Modified] = "Tue, 25 Jun 2024 09:41:30 GMT", referer: http://wknd.docker.local/us/en.html
[Tue Jun 25 14:50:20.006449 2024] [dispatcher:debug] [pid 28:tid 139796350514944] [client 127.0.0.1:45734] response.headers[X-Content-Type-Options] = "nosniff", referer: http://wknd.docker.local/us/en.html
[Tue Jun 25 14:50:20.009191 2024] [dispatcher:debug] [pid 28:tid 139796350514944] [client 127.0.0.1:45734] response.headers[Age] = "0", referer: http://wknd.docker.local/us/en.html
[Tue Jun 25 14:50:20.010240 2024] [dispatcher:debug] [pid 28:tid 139796350514944] [client 127.0.0.1:45734] Storing socket for later reuse: host.docker.internal:4503, referer: http://wknd.docker.local/us/en.html
[Tue Jun 25 14:50:20.049821 2024] [dispatcher:debug] [pid 28:tid 139796350514944] [client 127.0.0.1:45734] Found farm publishfarm for wknd.docker.local, referer: http://wknd.docker.local/us/en.html
[Tue Jun 25 14:50:20.051082 2024] [dispatcher:debug] [pid 28:tid 139796350514944] [client 127.0.0.1:45734] checking [/home/users/2/2BtO2l7OmO-rbBC9AN9b.infinity.json], referer: http://wknd.docker.local/us/en.html
[Tue Jun 25 14:50:20.052139 2024] [dispatcher:debug] [pid 28:tid 139796350514944] [client 127.0.0.1:45734] cachefile does not exist: /mnt/var/www/html/home/users/2/2BtO2l7OmO-rbBC9AN9b.infinity.json, referer: http://wknd.docker.local/us/en.html
[Tue Jun 25 14:50:20.052935 2024] [dispatcher:debug] [pid 28:tid 139796350514944] [client 127.0.0.1:45734] try to create new cachefile: /mnt/var/www/html/home/users/2/2BtO2l7OmO-rbBC9AN9b.infinity.json, referer: http://wknd.docker.local/us/en.html
[Tue Jun 25 14:50:20.053686 2024] [dispatcher:debug] [pid 28:tid 139796350514944] [client 127.0.0.1:45734] cache-action for [/home/users/2/2BtO2l7OmO-rbBC9AN9b.infinity.json]: CREATE, referer: http://wknd.docker.local/us/en.html
[Tue Jun 25 14:50:20.054759 2024] [dispatcher:debug] [pid 28:tid 139796350514944] [client 127.0.0.1:45734] Reusing connection: host.docker.internal:4503, referer: http://wknd.docker.local/us/en.html
[Tue Jun 25 14:50:20.055727 2024] [dispatcher:debug] [pid 28:tid 139796350514944] [client 127.0.0.1:45734] Connected to backend 0 (host.docker.internal:4503), referer: http://wknd.docker.local/us/en.html
[Tue Jun 25 14:50:20.059032 2024] [dispatcher:debug] [pid 102:tid 139796350514944] [client 127.0.0.1:45746] Found farm publishfarm for wknd.docker.local, referer: http://wknd.docker.local/us/en.html
[Tue Jun 25 14:50:20.064566 2024] [dispatcher:debug] [pid 19:tid 139796342122240] [client 127.0.0.1:45744] Found farm publishfarm for wknd.docker.local, referer: http://wknd.docker.local/us/en.html
[Tue Jun 25 14:50:20.065446 2024] [dispatcher:debug] [pid 102:tid 139796350514944] [client 127.0.0.1:45746] checking [/content/wknd/us/en/_jcr_content/contexthub.pagedata.json], referer: http://wknd.docker.local/us/en.html
[Tue Jun 25 14:50:20.066855 2024] [dispatcher:debug] [pid 19:tid 139796342122240] [client 127.0.0.1:45744] checking [/conf/wknd/settings/wcm/segments.seg.js], referer: http://wknd.docker.local/us/en.html
[Tue Jun 25 14:50:20.068045 2024] [dispatcher:debug] [pid 102:tid 139796350514944] [client 127.0.0.1:45746] cachefile does not exist: /mnt/var/www/html/content/wknd/us/en/_jcr_content/contexthub.pagedata.json, referer: http://wknd.docker.local/us/en.html
[Tue Jun 25 14:50:20.069458 2024] [dispatcher:debug] [pid 19:tid 139796342122240] [client 127.0.0.1:45744] cachefile does not exist: /mnt/var/www/html/conf/wknd/settings/wcm/segments.seg.js, referer: http://wknd.docker.local/us/en.html
[Tue Jun 25 14:50:20.070459 2024] [dispatcher:debug] [pid 102:tid 139796350514944] [client 127.0.0.1:45746] try to create new cachefile: /mnt/var/www/html/content/wknd/us/en/_jcr_content/contexthub.pagedata.json, referer: http://wknd.docker.local/us/en.html
[Tue Jun 25 14:50:20.071785 2024] [dispatcher:debug] [pid 19:tid 139796342122240] [client 127.0.0.1:45744] try to create new cachefile: /mnt/var/www/html/conf/wknd/settings/wcm/segments.seg.js, referer: http://wknd.docker.local/us/en.html
[Tue Jun 25 14:50:20.073812 2024] [dispatcher:debug] [pid 102:tid 139796350514944] [client 127.0.0.1:45746] cache-action for [/content/wknd/us/en/_jcr_content/contexthub.pagedata.json]: CREATE, referer: http://wknd.docker.local/us/en.html
[Tue Jun 25 14:50:20.075004 2024] [dispatcher:debug] [pid 19:tid 139796350514944] [client 127.0.0.1:45672] Found farm publishfarm for wknd.docker.local, referer: http://wknd.docker.local/us/en.html
[Tue Jun 25 14:50:20.075944 2024] [dispatcher:debug] [pid 19:tid 139796342122240] [client 127.0.0.1:45744] cache-action for [/conf/wknd/settings/wcm/segments.seg.js]: CREATE, referer: http://wknd.docker.local/us/en.html
[Tue Jun 25 14:50:20.078216 2024] [dispatcher:debug] [pid 102:tid 139796350514944] [client 127.0.0.1:45746] Reusing connection: host.docker.internal:4503, referer: http://wknd.docker.local/us/en.html
[Tue Jun 25 14:50:20.080877 2024] [dispatcher:debug] [pid 18:tid 139796350514944] [client 127.0.0.1:45692] Found farm publishfarm for wknd.docker.local, referer: http://wknd.docker.local/us/en.html
[Tue Jun 25 14:50:20.082015 2024] [dispatcher:debug] [pid 19:tid 139796350514944] [client 127.0.0.1:45672] checking [/etc.clientlibs/core/wcm/components/commons/datalayer/v2/clientlibs/core.wcm.components.commons.datalayer.v2.lc-1e0136bad0acfb78be509234578e44f9-lc.min.js], referer: http://wknd.docker.local/us/en.html
[Tue Jun 25 14:50:20.086169 2024] [dispatcher:debug] [pid 19:tid 139796342122240] [client 127.0.0.1:45744] Reusing connection: host.docker.internal:4503, referer: http://wknd.docker.local/us/en.html
[Tue Jun 25 14:50:20.087096 2024] [dispatcher:debug] [pid 102:tid 139796350514944] [client 127.0.0.1:45746] Connected to backend 0 (host.docker.internal:4503), referer: http://wknd.docker.local/us/en.html
[Tue Jun 25 14:50:20.088570 2024] [dispatcher:debug] [pid 18:tid 139796350514944] [client 127.0.0.1:45692] checking [/etc.clientlibs/wknd/clientlibs/clientlib-dependencies.lc-56934e461ff6c436f962a5990541a527-lc.min.js], referer: http://wknd.docker.local/us/en.html
[Tue Jun 25 14:50:20.090694 2024] [dispatcher:debug] [pid 19:tid 139796350514944] [client 127.0.0.1:45672] cachefile does not exist: /mnt/var/www/html/etc.clientlibs/core/wcm/components/commons/datalayer/v2/clientlibs/core.wcm.components.commons.datalayer.v2.lc-1e0136bad0acfb78be509234578e44f9-lc.min.js, referer: http://wknd.docker.local/us/en.html
[Tue Jun 25 14:50:20.091777 2024] [dispatcher:debug] [pid 19:tid 139796342122240] [client 127.0.0.1:45744] Connected to backend 0 (host.docker.internal:4503), referer: http://wknd.docker.local/us/en.html
[Tue Jun 25 14:50:20.093790 2024] [dispatcher:debug] [pid 18:tid 139796350514944] [client 127.0.0.1:45692] cachefile does not exist: /mnt/var/www/html/etc.clientlibs/wknd/clientlibs/clientlib-dependencies.lc-56934e461ff6c436f962a5990541a527-lc.min.js, referer: http://wknd.docker.local/us/en.html
[Tue Jun 25 14:50:20.094743 2024] [dispatcher:debug] [pid 19:tid 139796350514944] [client 127.0.0.1:45672] try to create new cachefile: /mnt/var/www/html/etc.clientlibs/core/wcm/components/commons/datalayer/v2/clientlibs/core.wcm.components.commons.datalayer.v2.lc-1e0136bad0acfb78be509234578e44f9-lc.min.js, referer: http://wknd.docker.local/us/en.html
[Tue Jun 25 14:50:20.097488 2024] [dispatcher:debug] [pid 18:tid 139796350514944] [client 127.0.0.1:45692] try to create new cachefile: /mnt/var/www/html/etc.clientlibs/wknd/clientlibs/clientlib-dependencies.lc-56934e461ff6c436f962a5990541a527-lc.min.js, referer: http://wknd.docker.local/us/en.html
[Tue Jun 25 14:50:20.099953 2024] [dispatcher:debug] [pid 19:tid 139796350514944] [client 127.0.0.1:45672] cache-action for [/etc.clientlibs/core/wcm/components/commons/datalayer/v2/clientlibs/core.wcm.components.commons.datalayer.v2.lc-1e0136bad0acfb78be509234578e44f9-lc.min.js]: CREATE, referer: http://wknd.docker.local/us/en.html
[Tue Jun 25 14:50:20.100230 2024] [dispatcher:debug] [pid 28:tid 139796342122240] [client 127.0.0.1:45780] Found farm publishfarm for wknd.docker.local, referer: http://wknd.docker.local/us/en.html
[Tue Jun 25 14:50:20.101024 2024] [dispatcher:debug] [pid 18:tid 139796350514944] [client 127.0.0.1:45692] cache-action for [/etc.clientlibs/wknd/clientlibs/clientlib-dependencies.lc-56934e461ff6c436f962a5990541a527-lc.min.js]: CREATE, referer: http://wknd.docker.local/us/en.html
[Tue Jun 25 14:50:20.102218 2024] [dispatcher:debug] [pid 19:tid 139796350514944] [client 127.0.0.1:45672] Creating new connection: host.docker.internal:4503, referer: http://wknd.docker.local/us/en.html
[Tue Jun 25 14:50:20.103076 2024] [dispatcher:debug] [pid 28:tid 139796342122240] [client 127.0.0.1:45780] checking [/etc.clientlibs/core/wcm/components/commons/datalayer/acdl/core.wcm.components.commons.datalayer.acdl.lc-bf921af342fd2c40139671dbf0920a1f-lc.min.js], referer: http://wknd.docker.local/us/en.html
[Tue Jun 25 14:50:20.104811 2024] [dispatcher:debug] [pid 18:tid 139796350514944] [client 127.0.0.1:45692] Reusing connection: host.docker.internal:4503, referer: http://wknd.docker.local/us/en.html
[Tue Jun 25 14:50:20.113839 2024] [dispatcher:debug] [pid 19:tid 139796350514944] [client 127.0.0.1:45672] Connected to backend 0 (host.docker.internal:4503), referer: http://wknd.docker.local/us/en.html
[Tue Jun 25 14:50:20.116442 2024] [dispatcher:debug] [pid 28:tid 139796342122240] [client 127.0.0.1:45780] cachefile does not exist: /mnt/var/www/html/etc.clientlibs/core/wcm/components/commons/datalayer/acdl/core.wcm.components.commons.datalayer.acdl.lc-bf921af342fd2c40139671dbf0920a1f-lc.min.js, referer: http://wknd.docker.local/us/en.html
[Tue Jun 25 14:50:20.116435 2024] [dispatcher:debug] [pid 18:tid 139796342122240] [client 127.0.0.1:45760] Cache file successfully created: /mnt/var/www/html/content/wknd/us/en/magazine/guide-la-skateparks/_jcr_content/root/container/container/contentfragment/par2/image_copy.coreimg.60.1600.png/1660323783259/article-01-picture-01.png
[Tue Jun 25 14:50:20.117515 2024] [dispatcher:debug] [pid 18:tid 139796350514944] [client 127.0.0.1:45692] Connected to backend 0 (host.docker.internal:4503), referer: http://wknd.docker.local/us/en.html
[Tue Jun 25 14:50:20.119179 2024] [dispatcher:debug] [pid 28:tid 139796342122240] [client 127.0.0.1:45780] try to create new cachefile: /mnt/var/www/html/etc.clientlibs/core/wcm/components/commons/datalayer/acdl/core.wcm.components.commons.datalayer.acdl.lc-bf921af342fd2c40139671dbf0920a1f-lc.min.js, referer: http://wknd.docker.local/us/en.html
[Tue Jun 25 14:50:20.120122 2024] [dispatcher:debug] [pid 18:tid 139796342122240] [client 127.0.0.1:45760] response.headers[Content-Disposition] = "inline; filename=article-01-picture-01.png"
[Tue Jun 25 14:50:20.121643 2024] [dispatcher:debug] [pid 28:tid 139796350514944] [client 127.0.0.1:45734] Cache file successfully created: /mnt/var/www/html/home/users/2/2BtO2l7OmO-rbBC9AN9b.infinity.json, referer: http://wknd.docker.local/us/en.html
[Tue Jun 25 14:50:20.122752 2024] [dispatcher:debug] [pid 28:tid 139796342122240] [client 127.0.0.1:45780] cache-action for [/etc.clientlibs/core/wcm/components/commons/datalayer/acdl/core.wcm.components.commons.datalayer.acdl.lc-bf921af342fd2c40139671dbf0920a1f-lc.min.js]: CREATE, referer: http://wknd.docker.local/us/en.html
[Tue Jun 25 14:50:20.125008 2024] [dispatcher:debug] [pid 18:tid 139796342122240] [client 127.0.0.1:45760] response.headers[Content-Type] = "image/png"
[Tue Jun 25 14:50:20.126690 2024] [dispatcher:debug] [pid 28:tid 139796350514944] [client 127.0.0.1:45734] response.headers[Content-Type] = "application/json;charset=utf-8", referer: http://wknd.docker.local/us/en.html
[Tue Jun 25 14:50:20.128953 2024] [dispatcher:debug] [pid 28:tid 139796342122240] [client 127.0.0.1:45780] Creating new connection: host.docker.internal:4503, referer: http://wknd.docker.local/us/en.html
[Tue Jun 25 14:50:20.129645 2024] [dispatcher:debug] [pid 18:tid 139796342122240] [client 127.0.0.1:45760] response.headers[Last-Modified] = "Fri, 12 Aug 2022 17:03:03 GMT"
[Tue Jun 25 14:50:20.132159 2024] [dispatcher:debug] [pid 18:tid 139796342122240] [client 127.0.0.1:45760] response.headers[X-Content-Type-Options] = "nosniff"
[Tue Jun 25 14:50:20.130357 2024] [dispatcher:debug] [pid 28:tid 139796350514944] [client 127.0.0.1:45734] response.headers[X-Content-Type-Options] = "nosniff", referer: http://wknd.docker.local/us/en.html
[Tue Jun 25 14:50:20.132230 2024] [dispatcher:debug] [pid 28:tid 139796342122240] [client 127.0.0.1:45780] Connected to backend 0 (host.docker.internal:4503), referer: http://wknd.docker.local/us/en.html
[Tue Jun 25 14:50:20.133042 2024] [dispatcher:debug] [pid 18:tid 139796342122240] [client 127.0.0.1:45760] response.headers[Age] = "0"
[Tue Jun 25 14:50:20.133789 2024] [dispatcher:debug] [pid 28:tid 139796350514944] [client 127.0.0.1:45734] response.headers[Age] = "0", referer: http://wknd.docker.local/us/en.html
[Tue Jun 25 14:50:20.135893 2024] [dispatcher:debug] [pid 18:tid 139796342122240] [client 127.0.0.1:45760] Storing socket for later reuse: host.docker.internal:4503
[Tue Jun 25 14:50:20.137307 2024] [dispatcher:debug] [pid 28:tid 139796350514944] [client 127.0.0.1:45734] Storing socket for later reuse: host.docker.internal:4503, referer: http://wknd.docker.local/us/en.html
[Tue Jun 25 14:50:20.164064 2024] [dispatcher:debug] [pid 102:tid 139796350514944] [client 127.0.0.1:45746] Cache file successfully created: /mnt/var/www/html/content/wknd/us/en/_jcr_content/contexthub.pagedata.json, referer: http://wknd.docker.local/us/en.html
[Tue Jun 25 14:50:20.165239 2024] [dispatcher:debug] [pid 102:tid 139796350514944] [client 127.0.0.1:45746] response.headers[Content-Type] = "application/json;charset=utf-8", referer: http://wknd.docker.local/us/en.html
[Tue Jun 25 14:50:20.166341 2024] [dispatcher:debug] [pid 102:tid 139796350514944] [client 127.0.0.1:45746] response.headers[X-Content-Type-Options] = "nosniff", referer: http://wknd.docker.local/us/en.html
[Tue Jun 25 14:50:20.168379 2024] [dispatcher:debug] [pid 102:tid 139796350514944] [client 127.0.0.1:45746] response.headers[Age] = "0", referer: http://wknd.docker.local/us/en.html
[Tue Jun 25 14:50:20.170572 2024] [dispatcher:debug] [pid 102:tid 139796350514944] [client 127.0.0.1:45746] Storing socket for later reuse: host.docker.internal:4503, referer: http://wknd.docker.local/us/en.html
[Tue Jun 25 14:50:20.172507 2024] [dispatcher:debug] [pid 18:tid 139796350514944] [client 127.0.0.1:45692] Cache file successfully created: /mnt/var/www/html/etc.clientlibs/wknd/clientlibs/clientlib-dependencies.lc-56934e461ff6c436f962a5990541a527-lc.min.js, referer: http://wknd.docker.local/us/en.html
[Tue Jun 25 14:50:20.175180 2024] [dispatcher:debug] [pid 19:tid 139796342122240] [client 127.0.0.1:45744] Cache file successfully created: /mnt/var/www/html/conf/wknd/settings/wcm/segments.seg.js, referer: http://wknd.docker.local/us/en.html
[Tue Jun 25 14:50:20.175286 2024] [dispatcher:debug] [pid 28:tid 139796350514944] [client 127.0.0.1:45734] Found farm publishfarm for wknd.docker.local, referer: http://wknd.docker.local/us/en.html
[Tue Jun 25 14:50:20.176128 2024] [dispatcher:debug] [pid 18:tid 139796350514944] [client 127.0.0.1:45692] response.headers[Cache-Control] = "max-age=2592000, public, immutable", referer: http://wknd.docker.local/us/en.html
[Tue Jun 25 14:50:20.179187 2024] [dispatcher:debug] [pid 19:tid 139796342122240] [client 127.0.0.1:45744] response.headers[Content-Type] = "text/javascript; charset=UTF-8", referer: http://wknd.docker.local/us/en.html
[Tue Jun 25 14:50:20.181249 2024] [dispatcher:debug] [pid 28:tid 139796350514944] [client 127.0.0.1:45734] checking [/etc.clientlibs/wknd/clientlibs/clientlib-site.lc-3037f5026ad3524914701791035ca88c-lc.min.js], referer: http://wknd.docker.local/us/en.html
[Tue Jun 25 14:50:20.182269 2024] [dispatcher:debug] [pid 18:tid 139796350514944] [client 127.0.0.1:45692] response.headers[Content-Type] = "application/javascript;charset=utf-8", referer: http://wknd.docker.local/us/en.html
[Tue Jun 25 14:50:20.183471 2024] [dispatcher:debug] [pid 19:tid 139796342122240] [client 127.0.0.1:45744] response.headers[X-Content-Type-Options] = "nosniff", referer: http://wknd.docker.local/us/en.html
[Tue Jun 25 14:50:20.185235 2024] [dispatcher:debug] [pid 102:tid 139796350514944] [client 127.0.0.1:45746] Found farm publishfarm for wknd.docker.local, referer: http://wknd.docker.local/us/en.html
[Tue Jun 25 14:50:20.185703 2024] [dispatcher:debug] [pid 28:tid 139796350514944] [client 127.0.0.1:45734] cachefile does not exist: /mnt/var/www/html/etc.clientlibs/wknd/clientlibs/clientlib-site.lc-3037f5026ad3524914701791035ca88c-lc.min.js, referer: http://wknd.docker.local/us/en.html
[Tue Jun 25 14:50:20.186557 2024] [dispatcher:debug] [pid 18:tid 139796350514944] [client 127.0.0.1:45692] response.headers[Last-Modified] = "Tue, 25 Jun 2024 09:41:30 GMT", referer: http://wknd.docker.local/us/en.html
[Tue Jun 25 14:50:20.187992 2024] [dispatcher:debug] [pid 19:tid 139796342122240] [client 127.0.0.1:45744] response.headers[Age] = "0", referer: http://wknd.docker.local/us/en.html
[Tue Jun 25 14:50:20.194983 2024] [dispatcher:debug] [pid 102:tid 139796350514944] [client 127.0.0.1:45746] checking [/etc.clientlibs/core/wcm/components/commons/site/clientlibs/container.lc-0a6aff292f5cc42142779cde92054524-lc.min.js], referer: http://wknd.docker.local/us/en.html
[Tue Jun 25 14:50:20.200325 2024] [dispatcher:debug] [pid 28:tid 139796350514944] [client 127.0.0.1:45734] try to create new cachefile: /mnt/var/www/html/etc.clientlibs/wknd/clientlibs/clientlib-site.lc-3037f5026ad3524914701791035ca88c-lc.min.js, referer: http://wknd.docker.local/us/en.html
[Tue Jun 25 14:50:20.202007 2024] [dispatcher:debug] [pid 18:tid 139796350514944] [client 127.0.0.1:45692] response.headers[X-Content-Type-Options] = "nosniff", referer: http://wknd.docker.local/us/en.html
[Tue Jun 25 14:50:20.203165 2024] [dispatcher:debug] [pid 19:tid 139796342122240] [client 127.0.0.1:45744] No socket reuse: backend asks to close connection, referer: http://wknd.docker.local/us/en.html
[Tue Jun 25 14:50:20.204278 2024] [dispatcher:debug] [pid 102:tid 139796350514944] [client 127.0.0.1:45746] cachefile does not exist: /mnt/var/www/html/etc.clientlibs/core/wcm/components/commons/site/clientlibs/container.lc-0a6aff292f5cc42142779cde92054524-lc.min.js, referer: http://wknd.docker.local/us/en.html
[Tue Jun 25 14:50:20.208284 2024] [dispatcher:debug] [pid 28:tid 139796342122240] [client 127.0.0.1:45780] Cache file successfully created: /mnt/var/www/html/etc.clientlibs/core/wcm/components/commons/datalayer/acdl/core.wcm.components.commons.datalayer.acdl.lc-bf921af342fd2c40139671dbf0920a1f-lc.min.js, referer: http://wknd.docker.local/us/en.html
[Tue Jun 25 14:50:20.211797 2024] [dispatcher:debug] [pid 28:tid 139796350514944] [client 127.0.0.1:45734] cache-action for [/etc.clientlibs/wknd/clientlibs/clientlib-site.lc-3037f5026ad3524914701791035ca88c-lc.min.js]: CREATE, referer: http://wknd.docker.local/us/en.html
[Tue Jun 25 14:50:20.212393 2024] [dispatcher:debug] [pid 19:tid 139796350514944] [client 127.0.0.1:45672] Cache file successfully created: /mnt/var/www/html/etc.clientlibs/core/wcm/components/commons/datalayer/v2/clientlibs/core.wcm.components.commons.datalayer.v2.lc-1e0136bad0acfb78be509234578e44f9-lc.min.js, referer: http://wknd.docker.local/us/en.html
[Tue Jun 25 14:50:20.213133 2024] [dispatcher:debug] [pid 18:tid 139796350514944] [client 127.0.0.1:45692] response.headers[Age] = "0", referer: http://wknd.docker.local/us/en.html
[Tue Jun 25 14:50:20.228057 2024] [dispatcher:debug] [pid 19:tid 139796342122240] [client 127.0.0.1:45744] Found farm publishfarm for wknd.docker.local, referer: http://wknd.docker.local/us/en.html
[Tue Jun 25 14:50:20.228753 2024] [dispatcher:debug] [pid 102:tid 139796350514944] [client 127.0.0.1:45746] try to create new cachefile: /mnt/var/www/html/etc.clientlibs/core/wcm/components/commons/site/clientlibs/container.lc-0a6aff292f5cc42142779cde92054524-lc.min.js, referer: http://wknd.docker.local/us/en.html
[Tue Jun 25 14:50:20.233297 2024] [dispatcher:debug] [pid 28:tid 139796342122240] [client 127.0.0.1:45780] response.headers[Cache-Control] = "max-age=2592000, public, immutable", referer: http://wknd.docker.local/us/en.html
[Tue Jun 25 14:50:20.234766 2024] [dispatcher:debug] [pid 28:tid 139796350514944] [client 127.0.0.1:45734] Reusing connection: host.docker.internal:4503, referer: http://wknd.docker.local/us/en.html
[Tue Jun 25 14:50:20.235928 2024] [dispatcher:debug] [pid 19:tid 139796350514944] [client 127.0.0.1:45672] response.headers[Cache-Control] = "max-age=2592000, public, immutable", referer: http://wknd.docker.local/us/en.html
[Tue Jun 25 14:50:20.236697 2024] [dispatcher:debug] [pid 18:tid 139796350514944] [client 127.0.0.1:45692] Storing socket for later reuse: host.docker.internal:4503, referer: http://wknd.docker.local/us/en.html
[Tue Jun 25 14:50:20.237448 2024] [dispatcher:debug] [pid 19:tid 139796342122240] [client 127.0.0.1:45744] checking [/content/experience-fragments/wknd/language-masters/en/site/header/master/_jcr_content/root/container/container_1195249223/image.coreimg.svg/1594412560447/wknd-logo-dk.svg], referer: http://wknd.docker.local/us/en.html
[Tue Jun 25 14:50:20.238179 2024] [dispatcher:debug] [pid 102:tid 139796350514944] [client 127.0.0.1:45746] cache-action for [/etc.clientlibs/core/wcm/components/commons/site/clientlibs/container.lc-0a6aff292f5cc42142779cde92054524-lc.min.js]: CREATE, referer: http://wknd.docker.local/us/en.html
[Tue Jun 25 14:50:20.238910 2024] [dispatcher:debug] [pid 28:tid 139796342122240] [client 127.0.0.1:45780] response.headers[Content-Type] = "application/javascript;charset=utf-8", referer: http://wknd.docker.local/us/en.html
[Tue Jun 25 14:50:20.239820 2024] [dispatcher:debug] [pid 28:tid 139796350514944] [client 127.0.0.1:45734] Connected to backend 0 (host.docker.internal:4503), referer: http://wknd.docker.local/us/en.html
[Tue Jun 25 14:50:20.241426 2024] [dispatcher:debug] [pid 19:tid 139796350514944] [client 127.0.0.1:45672] response.headers[Content-Type] = "application/javascript;charset=utf-8", referer: http://wknd.docker.local/us/en.html
[Tue Jun 25 14:50:20.247932 2024] [dispatcher:debug] [pid 19:tid 139796342122240] [client 127.0.0.1:45744] cachefile does not exist: /mnt/var/www/html/content/experience-fragments/wknd/language-masters/en/site/header/master/_jcr_content/root/container/container_1195249223/image.coreimg.svg/1594412560447/wknd-logo-dk.svg, referer: http://wknd.docker.local/us/en.html
[Tue Jun 25 14:50:20.249788 2024] [dispatcher:debug] [pid 102:tid 139796350514944] [client 127.0.0.1:45746] Reusing connection: host.docker.internal:4503, referer: http://wknd.docker.local/us/en.html
[Tue Jun 25 14:50:20.252025 2024] [dispatcher:debug] [pid 28:tid 139796342122240] [client 127.0.0.1:45780] response.headers[Last-Modified] = "Tue, 25 Jun 2024 09:34:44 GMT", referer: http://wknd.docker.local/us/en.html
[Tue Jun 25 14:50:20.255593 2024] [dispatcher:debug] [pid 19:tid 139796350514944] [client 127.0.0.1:45672] response.headers[Last-Modified] = "Tue, 25 Jun 2024 09:34:44 GMT", referer: http://wknd.docker.local/us/en.html
[Tue Jun 25 14:50:20.256917 2024] [dispatcher:debug] [pid 19:tid 139796342122240] [client 127.0.0.1:45744] try to create new cachefile: /mnt/var/www/html/content/experience-fragments/wknd/language-masters/en/site/header/master/_jcr_content/root/container/container_1195249223/image.coreimg.svg/1594412560447/wknd-logo-dk.svg, referer: http://wknd.docker.local/us/en.html
[Tue Jun 25 14:50:20.259873 2024] [dispatcher:debug] [pid 102:tid 139796350514944] [client 127.0.0.1:45746] Connected to backend 0 (host.docker.internal:4503), referer: http://wknd.docker.local/us/en.html
[Tue Jun 25 14:50:20.261376 2024] [dispatcher:debug] [pid 28:tid 139796342122240] [client 127.0.0.1:45780] response.headers[X-Content-Type-Options] = "nosniff", referer: http://wknd.docker.local/us/en.html
[Tue Jun 25 14:50:20.265511 2024] [dispatcher:debug] [pid 19:tid 139796350514944] [client 127.0.0.1:45672] response.headers[X-Content-Type-Options] = "nosniff", referer: http://wknd.docker.local/us/en.html
[Tue Jun 25 14:50:20.269188 2024] [dispatcher:debug] [pid 19:tid 139796342122240] [client 127.0.0.1:45744] cache-action for [/content/experience-fragments/wknd/language-masters/en/site/header/master/_jcr_content/root/container/container_1195249223/image.coreimg.svg/1594412560447/wknd-logo-dk.svg]: CREATE, referer: http://wknd.docker.local/us/en.html
[Tue Jun 25 14:50:20.282732 2024] [dispatcher:debug] [pid 18:tid 139796350514944] [client 127.0.0.1:45692] Found farm publishfarm for wknd.docker.local, referer: http://wknd.docker.local/us/en.html
[Tue Jun 25 14:50:20.287001 2024] [dispatcher:debug] [pid 28:tid 139796342122240] [client 127.0.0.1:45780] response.headers[Age] = "0", referer: http://wknd.docker.local/us/en.html
[Tue Jun 25 14:50:20.289341 2024] [dispatcher:debug] [pid 19:tid 139796350514944] [client 127.0.0.1:45672] response.headers[Age] = "0", referer: http://wknd.docker.local/us/en.html
[Tue Jun 25 14:50:20.293075 2024] [dispatcher:debug] [pid 19:tid 139796342122240] [client 127.0.0.1:45744] Creating new connection: host.docker.internal:4503, referer: http://wknd.docker.local/us/en.html
[Tue Jun 25 14:50:20.294089 2024] [dispatcher:debug] [pid 18:tid 139796350514944] [client 127.0.0.1:45692] checking [/etc.clientlibs/wknd/clientlibs/clientlib-base.lc-dd83600e278e892b3fa755110622e9fc-lc.min.js], referer: http://wknd.docker.local/us/en.html
[Tue Jun 25 14:50:20.295353 2024] [dispatcher:debug] [pid 28:tid 139796342122240] [client 127.0.0.1:45780] Storing socket for later reuse: host.docker.internal:4503, referer: http://wknd.docker.local/us/en.html
[Tue Jun 25 14:50:20.296279 2024] [dispatcher:debug] [pid 19:tid 139796350514944] [client 127.0.0.1:45672] Storing socket for later reuse: host.docker.internal:4503, referer: http://wknd.docker.local/us/en.html
[Tue Jun 25 14:50:20.298445 2024] [dispatcher:debug] [pid 19:tid 139796342122240] [client 127.0.0.1:45744] Connected to backend 0 (host.docker.internal:4503), referer: http://wknd.docker.local/us/en.html
[Tue Jun 25 14:50:20.299246 2024] [dispatcher:debug] [pid 18:tid 139796350514944] [client 127.0.0.1:45692] cachefile does not exist: /mnt/var/www/html/etc.clientlibs/wknd/clientlibs/clientlib-base.lc-dd83600e278e892b3fa755110622e9fc-lc.min.js, referer: http://wknd.docker.local/us/en.html
[Tue Jun 25 14:50:20.314338 2024] [dispatcher:debug] [pid 18:tid 139796350514944] [client 127.0.0.1:45692] try to create new cachefile: /mnt/var/www/html/etc.clientlibs/wknd/clientlibs/clientlib-base.lc-dd83600e278e892b3fa755110622e9fc-lc.min.js, referer: http://wknd.docker.local/us/en.html
[Tue Jun 25 14:50:20.319318 2024] [dispatcher:debug] [pid 18:tid 139796350514944] [client 127.0.0.1:45692] cache-action for [/etc.clientlibs/wknd/clientlibs/clientlib-base.lc-dd83600e278e892b3fa755110622e9fc-lc.min.js]: CREATE, referer: http://wknd.docker.local/us/en.html
[Tue Jun 25 14:50:20.320491 2024] [dispatcher:debug] [pid 18:tid 139796350514944] [client 127.0.0.1:45692] Reusing connection: host.docker.internal:4503, referer: http://wknd.docker.local/us/en.html
[Tue Jun 25 14:50:20.320699 2024] [dispatcher:debug] [pid 19:tid 139796350514944] [client 127.0.0.1:45672] Found farm publishfarm for wknd.docker.local, referer: http://wknd.docker.local/us/en.html
[Tue Jun 25 14:50:20.322140 2024] [dispatcher:debug] [pid 19:tid 139796350514944] [client 127.0.0.1:45672] checking [/libs/granite/csrf/token.json], referer: http://wknd.docker.local/us/en.html
[Tue Jun 25 14:50:20.321358 2024] [dispatcher:debug] [pid 18:tid 139796350514944] [client 127.0.0.1:45692] Connected to backend 0 (host.docker.internal:4503), referer: http://wknd.docker.local/us/en.html
